// Jest Snapshot v1, https://goo.gl/fbAQLP

exports[`SignOn.vue renders the page 1`] = `
<div
  class="container mx-auto w-full h-full"
>
  <div
    class="flex flex-col h-full w-full items-center justify-center"
  >
    <base-card-stub
      class="max-w-xs"
    >
      <div
        class="px-6 py-4"
        id="sign-on-card"
      >
        <thesignontabs-stub />
      </div>
    </base-card-stub>
  </div>
</div>
`;
